--------------------------------------------------------------------------------
Release 14.7 Trace  (nt64)
Copyright (c) 1995-2013 Xilinx, Inc.  All rights reserved.

C:\Xilinx\14.7\ISE_DS\ISE\bin\nt64\unwrapped\trce.exe -intstyle ise -v 3 -s 3
-n 3 -fastpaths -xml RegisterFile.twx RegisterFile.ncd -o RegisterFile.twr
RegisterFile.pcf

Design file:              RegisterFile.ncd
Physical constraint file: RegisterFile.pcf
Device,package,speed:     xc6slx16,csg324,C,-3 (PRODUCTION 1.23 2013-10-13)
Report level:             verbose report

Environment Variable      Effect 
--------------------      ------ 
NONE                      No environment variables were set
--------------------------------------------------------------------------------

INFO:Timing:2698 - No timing constraints found, doing default enumeration.
INFO:Timing:3412 - To improve timing, see the Timing Closure User Guide (UG612).
INFO:Timing:2752 - To get complete path coverage, use the unconstrained paths 
   option. All paths that are not constrained will be reported in the 
   unconstrained paths section(s) of the report.
INFO:Timing:3339 - The clock-to-out numbers in this timing report are based on 
   a 50 Ohm transmission line loading model.  For the details of this model, 
   and for more information on accounting for different loading conditions, 
   please see the device datasheet.



Data Sheet report:
-----------------
All values displayed in nanoseconds (ns)

Setup/Hold to clock CLOCK
------------+------------+------------+------------+------------+------------------+--------+
            |Max Setup to|  Process   |Max Hold to |  Process   |                  | Clock  |
Source      | clk (edge) |   Corner   | clk (edge) |   Corner   |Internal Clock(s) | Phase  |
------------+------------+------------+------------+------------+------------------+--------+
INPUT<0>    |    3.514(R)|      SLOW  |   -1.718(R)|      FAST  |CLOCK_BUFGP       |   0.000|
INPUT<1>    |    3.460(R)|      SLOW  |   -1.790(R)|      FAST  |CLOCK_BUFGP       |   0.000|
INPUT<2>    |    3.297(R)|      SLOW  |   -1.676(R)|      FAST  |CLOCK_BUFGP       |   0.000|
INPUT<3>    |    3.473(R)|      SLOW  |   -1.747(R)|      FAST  |CLOCK_BUFGP       |   0.000|
INPUT<4>    |    3.423(R)|      SLOW  |   -1.602(R)|      FAST  |CLOCK_BUFGP       |   0.000|
INPUT<5>    |    3.245(R)|      SLOW  |   -1.809(R)|      FAST  |CLOCK_BUFGP       |   0.000|
INPUT<6>    |    3.550(R)|      SLOW  |   -1.770(R)|      FAST  |CLOCK_BUFGP       |   0.000|
INPUT<7>    |    3.499(R)|      SLOW  |   -1.796(R)|      FAST  |CLOCK_BUFGP       |   0.000|
INPUT<8>    |    3.611(R)|      SLOW  |   -2.091(R)|      FAST  |CLOCK_BUFGP       |   0.000|
INPUT<9>    |    3.015(R)|      SLOW  |   -1.713(R)|      FAST  |CLOCK_BUFGP       |   0.000|
INPUT<10>   |    3.278(R)|      SLOW  |   -1.867(R)|      FAST  |CLOCK_BUFGP       |   0.000|
INPUT<11>   |    3.309(R)|      SLOW  |   -1.741(R)|      FAST  |CLOCK_BUFGP       |   0.000|
INPUT<12>   |    3.694(R)|      SLOW  |   -1.932(R)|      FAST  |CLOCK_BUFGP       |   0.000|
INPUT<13>   |    3.341(R)|      SLOW  |   -1.839(R)|      FAST  |CLOCK_BUFGP       |   0.000|
INPUT<14>   |    3.466(R)|      SLOW  |   -1.898(R)|      FAST  |CLOCK_BUFGP       |   0.000|
INPUT<15>   |    3.791(R)|      SLOW  |   -2.094(R)|      FAST  |CLOCK_BUFGP       |   0.000|
RESET       |    4.314(R)|      SLOW  |   -0.951(R)|      FAST  |CLOCK_BUFGP       |   0.000|
WE          |    4.277(R)|      SLOW  |   -1.707(R)|      FAST  |CLOCK_BUFGP       |   0.000|
WR<0>       |    4.489(R)|      SLOW  |   -2.070(R)|      FAST  |CLOCK_BUFGP       |   0.000|
WR<1>       |    5.100(R)|      SLOW  |   -2.211(R)|      FAST  |CLOCK_BUFGP       |   0.000|
WR<2>       |    4.674(R)|      SLOW  |   -1.991(R)|      FAST  |CLOCK_BUFGP       |   0.000|
------------+------------+------------+------------+------------+------------------+--------+

Clock CLOCK to Pad
------------+-----------------+------------+-----------------+------------+------------------+--------+
            |Max (slowest) clk|  Process   |Min (fastest) clk|  Process   |                  | Clock  |
Destination |  (edge) to PAD  |   Corner   |  (edge) to PAD  |   Corner   |Internal Clock(s) | Phase  |
------------+-----------------+------------+-----------------+------------+------------------+--------+
OUT1<0>     |         9.855(R)|      SLOW  |         4.837(R)|      FAST  |CLOCK_BUFGP       |   0.000|
OUT1<1>     |        10.044(R)|      SLOW  |         5.094(R)|      FAST  |CLOCK_BUFGP       |   0.000|
OUT1<2>     |         9.949(R)|      SLOW  |         5.024(R)|      FAST  |CLOCK_BUFGP       |   0.000|
OUT1<3>     |         9.964(R)|      SLOW  |         4.777(R)|      FAST  |CLOCK_BUFGP       |   0.000|
OUT1<4>     |        10.468(R)|      SLOW  |         5.332(R)|      FAST  |CLOCK_BUFGP       |   0.000|
OUT1<5>     |        10.614(R)|      SLOW  |         5.461(R)|      FAST  |CLOCK_BUFGP       |   0.000|
OUT1<6>     |        10.443(R)|      SLOW  |         5.170(R)|      FAST  |CLOCK_BUFGP       |   0.000|
OUT1<7>     |        10.227(R)|      SLOW  |         4.989(R)|      FAST  |CLOCK_BUFGP       |   0.000|
OUT1<8>     |        10.472(R)|      SLOW  |         5.289(R)|      FAST  |CLOCK_BUFGP       |   0.000|
OUT1<9>     |        10.191(R)|      SLOW  |         5.074(R)|      FAST  |CLOCK_BUFGP       |   0.000|
OUT1<10>    |        10.286(R)|      SLOW  |         5.202(R)|      FAST  |CLOCK_BUFGP       |   0.000|
OUT1<11>    |         9.896(R)|      SLOW  |         5.093(R)|      FAST  |CLOCK_BUFGP       |   0.000|
OUT1<12>    |        10.099(R)|      SLOW  |         4.966(R)|      FAST  |CLOCK_BUFGP       |   0.000|
OUT1<13>    |        10.139(R)|      SLOW  |         5.136(R)|      FAST  |CLOCK_BUFGP       |   0.000|
OUT1<14>    |         9.799(R)|      SLOW  |         4.930(R)|      FAST  |CLOCK_BUFGP       |   0.000|
OUT1<15>    |        10.004(R)|      SLOW  |         4.953(R)|      FAST  |CLOCK_BUFGP       |   0.000|
OUT2<0>     |        10.287(R)|      SLOW  |         5.153(R)|      FAST  |CLOCK_BUFGP       |   0.000|
OUT2<1>     |        10.582(R)|      SLOW  |         5.218(R)|      FAST  |CLOCK_BUFGP       |   0.000|
OUT2<2>     |        10.645(R)|      SLOW  |         5.318(R)|      FAST  |CLOCK_BUFGP       |   0.000|
OUT2<3>     |        10.467(R)|      SLOW  |         5.285(R)|      FAST  |CLOCK_BUFGP       |   0.000|
OUT2<4>     |         9.990(R)|      SLOW  |         4.866(R)|      FAST  |CLOCK_BUFGP       |   0.000|
OUT2<5>     |        10.171(R)|      SLOW  |         5.240(R)|      FAST  |CLOCK_BUFGP       |   0.000|
OUT2<6>     |        10.658(R)|      SLOW  |         5.063(R)|      FAST  |CLOCK_BUFGP       |   0.000|
OUT2<7>     |        10.464(R)|      SLOW  |         5.194(R)|      FAST  |CLOCK_BUFGP       |   0.000|
OUT2<8>     |         9.909(R)|      SLOW  |         5.075(R)|      FAST  |CLOCK_BUFGP       |   0.000|
OUT2<9>     |        10.407(R)|      SLOW  |         5.092(R)|      FAST  |CLOCK_BUFGP       |   0.000|
OUT2<10>    |        10.193(R)|      SLOW  |         5.086(R)|      FAST  |CLOCK_BUFGP       |   0.000|
OUT2<11>    |        10.462(R)|      SLOW  |         5.376(R)|      FAST  |CLOCK_BUFGP       |   0.000|
OUT2<12>    |        10.043(R)|      SLOW  |         5.150(R)|      FAST  |CLOCK_BUFGP       |   0.000|
OUT2<13>    |        10.289(R)|      SLOW  |         5.351(R)|      FAST  |CLOCK_BUFGP       |   0.000|
OUT2<14>    |         9.897(R)|      SLOW  |         5.062(R)|      FAST  |CLOCK_BUFGP       |   0.000|
OUT2<15>    |        10.753(R)|      SLOW  |         5.350(R)|      FAST  |CLOCK_BUFGP       |   0.000|
------------+-----------------+------------+-----------------+------------+------------------+--------+

Pad to Pad
---------------+---------------+---------+
Source Pad     |Destination Pad|  Delay  |
---------------+---------------+---------+
RD1<0>         |OUT1<0>        |   10.397|
RD1<0>         |OUT1<1>        |   10.494|
RD1<0>         |OUT1<2>        |   10.677|
RD1<0>         |OUT1<3>        |   10.670|
RD1<0>         |OUT1<4>        |   11.431|
RD1<0>         |OUT1<5>        |   11.225|
RD1<0>         |OUT1<6>        |   10.861|
RD1<0>         |OUT1<7>        |   10.509|
RD1<0>         |OUT1<8>        |   11.264|
RD1<0>         |OUT1<9>        |   10.654|
RD1<0>         |OUT1<10>       |   11.442|
RD1<0>         |OUT1<11>       |   11.511|
RD1<0>         |OUT1<12>       |   10.432|
RD1<0>         |OUT1<13>       |   11.144|
RD1<0>         |OUT1<14>       |   11.102|
RD1<0>         |OUT1<15>       |   10.939|
RD1<1>         |OUT1<0>        |   10.926|
RD1<1>         |OUT1<1>        |   10.795|
RD1<1>         |OUT1<2>        |   11.244|
RD1<1>         |OUT1<3>        |   10.829|
RD1<1>         |OUT1<4>        |   11.283|
RD1<1>         |OUT1<5>        |   11.109|
RD1<1>         |OUT1<6>        |   11.133|
RD1<1>         |OUT1<7>        |   10.977|
RD1<1>         |OUT1<8>        |   11.642|
RD1<1>         |OUT1<9>        |   10.689|
RD1<1>         |OUT1<10>       |   11.262|
RD1<1>         |OUT1<11>       |   10.460|
RD1<1>         |OUT1<12>       |   10.527|
RD1<1>         |OUT1<13>       |   10.842|
RD1<1>         |OUT1<14>       |   10.612|
RD1<1>         |OUT1<15>       |   10.721|
RD1<2>         |OUT1<0>        |   10.971|
RD1<2>         |OUT1<1>        |   10.484|
RD1<2>         |OUT1<2>        |   11.067|
RD1<2>         |OUT1<3>        |   10.651|
RD1<2>         |OUT1<4>        |   10.935|
RD1<2>         |OUT1<5>        |   10.841|
RD1<2>         |OUT1<6>        |   10.947|
RD1<2>         |OUT1<7>        |   10.792|
RD1<2>         |OUT1<8>        |   10.973|
RD1<2>         |OUT1<9>        |   10.336|
RD1<2>         |OUT1<10>       |   11.205|
RD1<2>         |OUT1<11>       |   10.546|
RD1<2>         |OUT1<12>       |   10.010|
RD1<2>         |OUT1<13>       |   10.519|
RD1<2>         |OUT1<14>       |   10.460|
RD1<2>         |OUT1<15>       |   10.554|
RD2<0>         |OUT2<0>        |   11.236|
RD2<0>         |OUT2<1>        |   11.150|
RD2<0>         |OUT2<2>        |   11.647|
RD2<0>         |OUT2<3>        |   11.210|
RD2<0>         |OUT2<4>        |   11.277|
RD2<0>         |OUT2<5>        |   12.398|
RD2<0>         |OUT2<6>        |   11.239|
RD2<0>         |OUT2<7>        |   12.310|
RD2<0>         |OUT2<8>        |   12.336|
RD2<0>         |OUT2<9>        |   11.979|
RD2<0>         |OUT2<10>       |   12.298|
RD2<0>         |OUT2<11>       |   11.974|
RD2<0>         |OUT2<12>       |   11.928|
RD2<0>         |OUT2<13>       |   12.398|
RD2<0>         |OUT2<14>       |   12.014|
RD2<0>         |OUT2<15>       |   12.495|
RD2<1>         |OUT2<0>        |   10.977|
RD2<1>         |OUT2<1>        |   11.328|
RD2<1>         |OUT2<2>        |   11.429|
RD2<1>         |OUT2<3>        |   11.258|
RD2<1>         |OUT2<4>        |   11.217|
RD2<1>         |OUT2<5>        |   12.297|
RD2<1>         |OUT2<6>        |   11.144|
RD2<1>         |OUT2<7>        |   11.968|
RD2<1>         |OUT2<8>        |   12.320|
RD2<1>         |OUT2<9>        |   12.056|
RD2<1>         |OUT2<10>       |   12.299|
RD2<1>         |OUT2<11>       |   12.178|
RD2<1>         |OUT2<12>       |   12.190|
RD2<1>         |OUT2<13>       |   12.433|
RD2<1>         |OUT2<14>       |   11.952|
RD2<1>         |OUT2<15>       |   12.537|
RD2<2>         |OUT2<0>        |   11.169|
RD2<2>         |OUT2<1>        |   10.495|
RD2<2>         |OUT2<2>        |   11.041|
RD2<2>         |OUT2<3>        |   10.944|
RD2<2>         |OUT2<4>        |   10.094|
RD2<2>         |OUT2<5>        |   10.580|
RD2<2>         |OUT2<6>        |   10.473|
RD2<2>         |OUT2<7>        |   10.573|
RD2<2>         |OUT2<8>        |   10.924|
RD2<2>         |OUT2<9>        |   10.598|
RD2<2>         |OUT2<10>       |   10.526|
RD2<2>         |OUT2<11>       |   10.836|
RD2<2>         |OUT2<12>       |   10.531|
RD2<2>         |OUT2<13>       |   10.916|
RD2<2>         |OUT2<14>       |   10.714|
RD2<2>         |OUT2<15>       |   11.098|
---------------+---------------+---------+


Analysis completed Tue Mar 01 17:17:11 2016 
--------------------------------------------------------------------------------

Trace Settings:
-------------------------
Trace Settings 

Peak Memory Usage: 219 MB



