#-----------------------------------------------------------
# PlanAhead v14.7 (64-bit)
# Build 321239 by xbuild on Fri Sep 27 19:29:51 MDT 2013
# Start of session at: Thu Mar 31 10:38:37 2016
# Process ID: 8972
# Log file: D:/DSDII/Lab3/planAhead_run_3/planAhead.log
# Journal file: D:/DSDII/Lab3/planAhead_run_3/planAhead.jou
#-----------------------------------------------------------
start_gui
source D:/DSDII/Lab3/pa.fromNetlist.tcl
set_property pulltype PULLDOWN [get_ports [list {Control[3]} {Control[2]} {Control[1]} {Control[0]}]]
set_property pulltype PULLDOWN [get_ports [list {Input1[15]} {Input1[14]} {Input1[13]} {Input1[12]} {Input1[11]} {Input1[10]} {Input1[9]} {Input1[8]} {Input1[7]} {Input1[6]} {Input1[5]} {Input1[4]} {Input1[3]} {Input1[2]} {Input1[1]} {Input1[0]}]]
set_property pulltype PULLDOWN [get_ports [list {Input2[15]} {Input2[14]} {Input2[13]} {Input2[12]} {Input2[11]} {Input2[10]} {Input2[9]} {Input2[8]} {Input2[7]} {Input2[6]} {Input2[5]} {Input2[4]} {Input2[3]} {Input2[2]} {Input2[1]} {Input2[0]}]]
set_property pulltype PULLDOWN [get_ports [list {Output[15]} {Output[14]} {Output[13]} {Output[12]} {Output[11]} {Output[10]} {Output[9]} {Output[8]} {Output[7]} {Output[6]} {Output[5]} {Output[4]} {Output[3]} {Output[2]} {Output[1]} {Output[0]}]]
set_property pulltype NONE [get_ports [list {Input2[0]}]]
set_property pulltype NONE [get_ports [list {Input2[1]}]]
set_property pulltype NONE [get_ports [list {Input1[0]}]]
set_property pulltype NONE [get_ports [list {Input1[1]}]]
set_property pulltype NONE [get_ports [list {Control[0]}]]
set_property pulltype NONE [get_ports [list {Control[1]}]]
set_property pulltype NONE [get_ports [list {Control[2]}]]
set_property pulltype NONE [get_ports [list {Control[3]}]]
save_constraints
