#-----------------------------------------------------------
# PlanAhead v14.7 (64-bit)
# Build 321239 by xbuild on Fri Sep 27 19:29:51 MDT 2013
# Start of session at: Thu May 12 09:58:17 2016
# Process ID: 4172
# Log file: D:/DSDII/Lab6/planAhead_run_1/planAhead.log
# Journal file: D:/DSDII/Lab6/planAhead_run_1/planAhead.jou
#-----------------------------------------------------------
start_gui
source D:/DSDII/Lab6/pa.fromNetlist.tcl
startgroup
set_property package_pin V8 [get_ports {addr_in[2]}]
endgroup
startgroup
set_property package_pin U8 [get_ports {addr_in[1]}]
endgroup
startgroup
set_property package_pin N8 [get_ports {addr_in[0]}]
endgroup
startgroup
set_property package_pin T5 [get_ports {bus_id[0]}]
endgroup
startgroup
set_property package_pin M8 [get_ports {data_in[3]}]
endgroup
set_property package_pin "" [get_ports [list  {data_in[1]}]]
startgroup
set_property package_pin V9 [get_ports {data_in[2]}]
endgroup
startgroup
set_property package_pin T9 [get_ports {data_in[1]}]
endgroup
startgroup
set_property package_pin T10 [get_ports {data_in[0]}]
endgroup
startgroup
set_property package_pin T11 [get_ports {addr_out[2]}]
endgroup
startgroup
set_property package_pin R11 [get_ports {addr_out[1]}]
endgroup
startgroup
set_property package_pin N11 [get_ports {addr_out[0]}]
endgroup
startgroup
set_property package_pin V15 [get_ports {data_out[3]}]
endgroup
startgroup
set_property package_pin U15 [get_ports {data_out[2]}]
endgroup
startgroup
set_property package_pin V16 [get_ports {data_out[1]}]
endgroup
startgroup
set_property package_pin U16 [get_ports {data_out[0]}]
endgroup
startgroup
set_property package_pin D9 [get_ports burst]
endgroup
startgroup
set_property package_pin T17 [get_ports CAn_out]
endgroup
set_property package_pin "" [get_ports [list  CBn_out]]
startgroup
set_property package_pin T17 [get_ports CAn_out]
endgroup
startgroup
set_property package_pin T18 [get_ports CBn_out]
endgroup
startgroup
set_property package_pin U17 [get_ports CCn_out]
endgroup
startgroup
set_property package_pin U18 [get_ports CDn_out]
endgroup
startgroup
set_property package_pin M14 [get_ports CEn_out]
endgroup
startgroup
set_property package_pin N14 [get_ports CFn_out]
endgroup
startgroup
set_property package_pin L14 [get_ports CGn_out]
endgroup
startgroup
set_property package_pin V10 [get_ports clk]
endgroup
startgroup
set_property package_pin B8 [get_ports ready]
endgroup
startgroup
set_property package_pin A8 [get_ports reset]
endgroup
startgroup
set_property package_pin C4 [get_ports rw]
endgroup
startgroup
set_property package_pin P17 [get_ports unused_anode]
endgroup
startgroup
set_property package_pin P18 [get_ports hund_anode_out]
endgroup
startgroup
set_property package_pin N15 [get_ports tens_anode_out]
endgroup
startgroup
set_property package_pin N16 [get_ports ones_anode_out]
endgroup
save_constraints
