--------------------------------------------------------------------------------
Release 14.7 Trace  (nt64)
Copyright (c) 1995-2013 Xilinx, Inc.  All rights reserved.

C:\Xilinx\14.7\ISE_DS\ISE\bin\nt64\unwrapped\trce.exe -intstyle ise -v 3 -s 3
-n 3 -fastpaths -xml ALU.twx ALU.ncd -o ALU.twr ALU.pcf -ucf ALU.ucf

Design file:              ALU.ncd
Physical constraint file: ALU.pcf
Device,package,speed:     xc6slx16,csg324,C,-3 (PRODUCTION 1.23 2013-10-13)
Report level:             verbose report

Environment Variable      Effect 
--------------------      ------ 
NONE                      No environment variables were set
--------------------------------------------------------------------------------

INFO:Timing:2698 - No timing constraints found, doing default enumeration.
INFO:Timing:3412 - To improve timing, see the Timing Closure User Guide (UG612).
INFO:Timing:2752 - To get complete path coverage, use the unconstrained paths 
   option. All paths that are not constrained will be reported in the 
   unconstrained paths section(s) of the report.
INFO:Timing:3339 - The clock-to-out numbers in this timing report are based on 
   a 50 Ohm transmission line loading model.  For the details of this model, 
   and for more information on accounting for different loading conditions, 
   please see the device datasheet.



Data Sheet report:
-----------------
All values displayed in nanoseconds (ns)

Pad to Pad
---------------+---------------+---------+
Source Pad     |Destination Pad|  Delay  |
---------------+---------------+---------+
Control<0>     |Output<0>      |    7.669|
Control<0>     |Output<1>      |    8.394|
Control<0>     |Output<2>      |    8.997|
Control<0>     |Output<3>      |    9.385|
Control<0>     |Output<4>      |   10.816|
Control<0>     |Output<5>      |   11.306|
Control<0>     |Output<6>      |   11.364|
Control<0>     |Output<7>      |   11.582|
Control<0>     |Output<8>      |   13.431|
Control<0>     |Output<9>      |   13.581|
Control<0>     |Output<10>     |   12.511|
Control<0>     |Output<11>     |   12.717|
Control<0>     |Output<12>     |   14.491|
Control<0>     |Output<13>     |   12.845|
Control<0>     |Output<14>     |   13.762|
Control<0>     |Output<15>     |   13.823|
Control<1>     |Output<0>      |    8.138|
Control<1>     |Output<1>      |    8.699|
Control<1>     |Output<2>      |    8.641|
Control<1>     |Output<3>      |    8.163|
Control<1>     |Output<4>      |   10.070|
Control<1>     |Output<5>      |    8.934|
Control<1>     |Output<6>      |    8.510|
Control<1>     |Output<7>      |    9.357|
Control<1>     |Output<8>      |    9.942|
Control<1>     |Output<9>      |   12.376|
Control<1>     |Output<10>     |    9.197|
Control<1>     |Output<11>     |    9.651|
Control<1>     |Output<12>     |    9.894|
Control<1>     |Output<13>     |   10.929|
Control<1>     |Output<14>     |    8.520|
Control<1>     |Output<15>     |    8.536|
Control<2>     |Output<0>      |    7.080|
Control<2>     |Output<1>      |    8.295|
Control<2>     |Output<2>      |    8.289|
Control<2>     |Output<3>      |    7.616|
Control<2>     |Output<4>      |    7.540|
Control<2>     |Output<5>      |    7.557|
Control<2>     |Output<6>      |    7.324|
Control<2>     |Output<7>      |    7.921|
Control<2>     |Output<8>      |    8.399|
Control<2>     |Output<9>      |   11.414|
Control<2>     |Output<10>     |    8.655|
Control<2>     |Output<11>     |    9.503|
Control<2>     |Output<12>     |    7.549|
Control<2>     |Output<13>     |   10.765|
Control<2>     |Output<14>     |    9.448|
Control<2>     |Output<15>     |    8.404|
Control<3>     |Output<0>      |    9.468|
Control<3>     |Output<1>      |    9.256|
Control<3>     |Output<2>      |    9.042|
Control<3>     |Output<3>      |    9.489|
Control<3>     |Output<4>      |    9.202|
Control<3>     |Output<5>      |    7.077|
Control<3>     |Output<6>      |   10.413|
Control<3>     |Output<7>      |    8.909|
Control<3>     |Output<8>      |    9.745|
Control<3>     |Output<9>      |   11.715|
Control<3>     |Output<10>     |    9.756|
Control<3>     |Output<11>     |    8.617|
Control<3>     |Output<12>     |    7.844|
Control<3>     |Output<13>     |   11.823|
Control<3>     |Output<14>     |    9.075|
Control<3>     |Output<15>     |    7.893|
Input1<0>      |Output<0>      |    8.865|
Input1<0>      |Output<1>      |    9.055|
Input1<0>      |Output<2>      |    9.062|
Input1<0>      |Output<3>      |    9.622|
Input1<0>      |Output<4>      |   10.881|
Input1<0>      |Output<5>      |   11.918|
Input1<0>      |Output<6>      |   12.876|
Input1<0>      |Output<7>      |   13.790|
Input1<0>      |Output<8>      |   13.496|
Input1<0>      |Output<9>      |   13.646|
Input1<0>      |Output<10>     |   14.681|
Input1<0>      |Output<11>     |   14.752|
Input1<0>      |Output<12>     |   16.419|
Input1<0>      |Output<13>     |   16.872|
Input1<0>      |Output<14>     |   16.682|
Input1<0>      |Output<15>     |   16.851|
Input1<1>      |Output<1>      |    8.905|
Input1<1>      |Output<2>      |    8.537|
Input1<1>      |Output<3>      |    9.615|
Input1<1>      |Output<4>      |   10.356|
Input1<1>      |Output<5>      |   11.852|
Input1<1>      |Output<6>      |   12.810|
Input1<1>      |Output<7>      |   13.724|
Input1<1>      |Output<8>      |   12.971|
Input1<1>      |Output<9>      |   13.484|
Input1<1>      |Output<10>     |   14.615|
Input1<1>      |Output<11>     |   14.686|
Input1<1>      |Output<12>     |   16.353|
Input1<1>      |Output<13>     |   16.806|
Input1<1>      |Output<14>     |   16.616|
Input1<1>      |Output<15>     |   16.785|
Input1<2>      |Output<2>      |    8.912|
Input1<2>      |Output<3>      |    9.555|
Input1<2>      |Output<4>      |    9.976|
Input1<2>      |Output<5>      |   11.792|
Input1<2>      |Output<6>      |   12.750|
Input1<2>      |Output<7>      |   13.664|
Input1<2>      |Output<8>      |   13.621|
Input1<2>      |Output<9>      |   13.424|
Input1<2>      |Output<10>     |   14.555|
Input1<2>      |Output<11>     |   14.626|
Input1<2>      |Output<12>     |   16.293|
Input1<2>      |Output<13>     |   16.746|
Input1<2>      |Output<14>     |   16.556|
Input1<2>      |Output<15>     |   16.725|
Input1<3>      |Output<3>      |    9.811|
Input1<3>      |Output<4>      |   10.308|
Input1<3>      |Output<5>      |   13.318|
Input1<3>      |Output<6>      |   14.276|
Input1<3>      |Output<7>      |   15.190|
Input1<3>      |Output<8>      |   15.386|
Input1<3>      |Output<9>      |   14.950|
Input1<3>      |Output<10>     |   16.081|
Input1<3>      |Output<11>     |   16.152|
Input1<3>      |Output<12>     |   17.819|
Input1<3>      |Output<13>     |   18.272|
Input1<3>      |Output<14>     |   18.082|
Input1<3>      |Output<15>     |   18.251|
Input1<4>      |Output<4>      |    9.941|
Input1<4>      |Output<5>      |   14.448|
Input1<4>      |Output<6>      |   15.406|
Input1<4>      |Output<7>      |   16.320|
Input1<4>      |Output<8>      |   16.047|
Input1<4>      |Output<9>      |   16.080|
Input1<4>      |Output<10>     |   17.211|
Input1<4>      |Output<11>     |   17.282|
Input1<4>      |Output<12>     |   18.949|
Input1<4>      |Output<13>     |   19.402|
Input1<4>      |Output<14>     |   19.212|
Input1<4>      |Output<15>     |   19.381|
Input1<5>      |Output<5>      |   12.409|
Input1<5>      |Output<6>      |   13.367|
Input1<5>      |Output<7>      |   14.281|
Input1<5>      |Output<8>      |   15.107|
Input1<5>      |Output<9>      |   14.640|
Input1<5>      |Output<10>     |   15.771|
Input1<5>      |Output<11>     |   15.842|
Input1<5>      |Output<12>     |   17.509|
Input1<5>      |Output<13>     |   17.962|
Input1<5>      |Output<14>     |   17.772|
Input1<5>      |Output<15>     |   17.941|
Input1<6>      |Output<6>      |   12.450|
Input1<6>      |Output<7>      |   14.942|
Input1<6>      |Output<8>      |   16.241|
Input1<6>      |Output<9>      |   15.774|
Input1<6>      |Output<10>     |   16.905|
Input1<6>      |Output<11>     |   16.976|
Input1<6>      |Output<12>     |   18.643|
Input1<6>      |Output<13>     |   19.096|
Input1<6>      |Output<14>     |   18.906|
Input1<6>      |Output<15>     |   19.075|
Input1<7>      |Output<7>      |   14.203|
Input1<7>      |Output<8>      |   15.870|
Input1<7>      |Output<9>      |   15.403|
Input1<7>      |Output<10>     |   16.534|
Input1<7>      |Output<11>     |   16.605|
Input1<7>      |Output<12>     |   18.272|
Input1<7>      |Output<13>     |   18.725|
Input1<7>      |Output<14>     |   18.535|
Input1<7>      |Output<15>     |   18.704|
Input1<8>      |Output<8>      |   10.619|
Input1<8>      |Output<9>      |   11.925|
Input1<8>      |Output<10>     |   10.823|
Input1<8>      |Output<11>     |    9.829|
Input1<8>      |Output<12>     |   11.603|
Input1<8>      |Output<13>     |    9.957|
Input1<8>      |Output<14>     |   10.874|
Input1<8>      |Output<15>     |   10.935|
Input1<9>      |Output<9>      |   12.112|
Input1<9>      |Output<10>     |   10.902|
Input1<9>      |Output<11>     |    9.649|
Input1<9>      |Output<12>     |   11.423|
Input1<9>      |Output<13>     |    9.777|
Input1<9>      |Output<14>     |   10.694|
Input1<9>      |Output<15>     |   10.755|
Input1<10>     |Output<10>     |   11.226|
Input1<10>     |Output<11>     |    9.199|
Input1<10>     |Output<12>     |   10.568|
Input1<10>     |Output<13>     |    9.694|
Input1<10>     |Output<14>     |   10.989|
Input1<10>     |Output<15>     |    9.900|
Input1<11>     |Output<11>     |    9.679|
Input1<11>     |Output<12>     |   11.154|
Input1<11>     |Output<13>     |   10.065|
Input1<11>     |Output<14>     |   10.425|
Input1<11>     |Output<15>     |   10.486|
Input1<12>     |Output<12>     |   10.847|
Input1<12>     |Output<13>     |   10.281|
Input1<12>     |Output<14>     |   10.267|
Input1<12>     |Output<15>     |    9.706|
Input1<13>     |Output<13>     |   10.624|
Input1<13>     |Output<14>     |   10.860|
Input1<13>     |Output<15>     |    9.640|
Input1<14>     |Output<14>     |    9.656|
Input1<14>     |Output<15>     |    9.232|
Input1<15>     |Output<1>      |   10.007|
Input1<15>     |Output<2>      |    9.240|
Input1<15>     |Output<3>      |    9.595|
Input1<15>     |Output<4>      |    9.941|
Input1<15>     |Output<5>      |    9.485|
Input1<15>     |Output<6>      |    7.978|
Input1<15>     |Output<7>      |    9.334|
Input1<15>     |Output<8>      |   10.625|
Input1<15>     |Output<9>      |   12.110|
Input1<15>     |Output<10>     |    9.746|
Input1<15>     |Output<11>     |   10.086|
Input1<15>     |Output<12>     |    8.130|
Input1<15>     |Output<13>     |   10.477|
Input1<15>     |Output<14>     |    8.918|
Input1<15>     |Output<15>     |    9.514|
Input2<0>      |Output<0>      |    8.095|
Input2<0>      |Output<1>      |    8.631|
Input2<0>      |Output<2>      |    8.319|
Input2<0>      |Output<3>      |    9.331|
Input2<0>      |Output<4>      |   10.111|
Input2<0>      |Output<5>      |   14.026|
Input2<0>      |Output<6>      |   14.984|
Input2<0>      |Output<7>      |   15.898|
Input2<0>      |Output<8>      |   15.625|
Input2<0>      |Output<9>      |   15.658|
Input2<0>      |Output<10>     |   16.789|
Input2<0>      |Output<11>     |   16.860|
Input2<0>      |Output<12>     |   18.527|
Input2<0>      |Output<13>     |   18.980|
Input2<0>      |Output<14>     |   18.790|
Input2<0>      |Output<15>     |   18.959|
Input2<1>      |Output<0>      |    8.395|
Input2<1>      |Output<1>      |    8.854|
Input2<1>      |Output<2>      |    8.592|
Input2<1>      |Output<3>      |    9.337|
Input2<1>      |Output<4>      |   10.411|
Input2<1>      |Output<5>      |   13.214|
Input2<1>      |Output<6>      |   14.172|
Input2<1>      |Output<7>      |   15.086|
Input2<1>      |Output<8>      |   15.700|
Input2<1>      |Output<9>      |   15.233|
Input2<1>      |Output<10>     |   16.364|
Input2<1>      |Output<11>     |   16.435|
Input2<1>      |Output<12>     |   18.102|
Input2<1>      |Output<13>     |   18.555|
Input2<1>      |Output<14>     |   18.365|
Input2<1>      |Output<15>     |   18.534|
Input2<2>      |Output<0>      |    7.847|
Input2<2>      |Output<1>      |    8.762|
Input2<2>      |Output<2>      |    7.853|
Input2<2>      |Output<3>      |    9.533|
Input2<2>      |Output<4>      |    9.970|
Input2<2>      |Output<5>      |   12.574|
Input2<2>      |Output<6>      |   13.532|
Input2<2>      |Output<7>      |   14.446|
Input2<2>      |Output<8>      |   15.035|
Input2<2>      |Output<9>      |   14.568|
Input2<2>      |Output<10>     |   15.699|
Input2<2>      |Output<11>     |   15.770|
Input2<2>      |Output<12>     |   17.437|
Input2<2>      |Output<13>     |   17.890|
Input2<2>      |Output<14>     |   17.700|
Input2<2>      |Output<15>     |   17.869|
Input2<3>      |Output<0>      |    7.772|
Input2<3>      |Output<1>      |    8.845|
Input2<3>      |Output<2>      |    8.340|
Input2<3>      |Output<3>      |    8.227|
Input2<3>      |Output<4>      |   10.224|
Input2<3>      |Output<5>      |   11.159|
Input2<3>      |Output<6>      |   12.117|
Input2<3>      |Output<7>      |   13.397|
Input2<3>      |Output<8>      |   14.696|
Input2<3>      |Output<9>      |   14.318|
Input2<3>      |Output<10>     |   15.391|
Input2<3>      |Output<11>     |   15.462|
Input2<3>      |Output<12>     |   17.129|
Input2<3>      |Output<13>     |   17.582|
Input2<3>      |Output<14>     |   17.392|
Input2<3>      |Output<15>     |   17.561|
Input2<4>      |Output<4>      |    7.798|
Input2<4>      |Output<5>      |   10.242|
Input2<4>      |Output<6>      |   11.200|
Input2<4>      |Output<7>      |   12.290|
Input2<4>      |Output<8>      |   13.942|
Input2<4>      |Output<9>      |   13.475|
Input2<4>      |Output<10>     |   14.606|
Input2<4>      |Output<11>     |   14.677|
Input2<4>      |Output<12>     |   16.344|
Input2<4>      |Output<13>     |   16.797|
Input2<4>      |Output<14>     |   16.607|
Input2<4>      |Output<15>     |   16.776|
Input2<5>      |Output<5>      |    9.005|
Input2<5>      |Output<6>      |   10.108|
Input2<5>      |Output<7>      |   11.553|
Input2<5>      |Output<8>      |   13.475|
Input2<5>      |Output<9>      |   13.008|
Input2<5>      |Output<10>     |   14.139|
Input2<5>      |Output<11>     |   14.210|
Input2<5>      |Output<12>     |   15.877|
Input2<5>      |Output<13>     |   16.330|
Input2<5>      |Output<14>     |   16.140|
Input2<5>      |Output<15>     |   16.309|
Input2<6>      |Output<6>      |    9.235|
Input2<6>      |Output<7>      |   10.149|
Input2<6>      |Output<8>      |   12.124|
Input2<6>      |Output<9>      |   11.657|
Input2<6>      |Output<10>     |   12.788|
Input2<6>      |Output<11>     |   12.935|
Input2<6>      |Output<12>     |   14.526|
Input2<6>      |Output<13>     |   14.979|
Input2<6>      |Output<14>     |   14.789|
Input2<6>      |Output<15>     |   14.958|
Input2<7>      |Output<7>      |   10.151|
Input2<7>      |Output<8>      |   10.395|
Input2<7>      |Output<9>      |   10.545|
Input2<7>      |Output<10>     |   10.742|
Input2<7>      |Output<11>     |   10.813|
Input2<7>      |Output<12>     |   12.480|
Input2<7>      |Output<13>     |   12.933|
Input2<7>      |Output<14>     |   12.743|
Input2<7>      |Output<15>     |   12.912|
Input2<8>      |Output<8>      |    9.533|
Input2<8>      |Output<9>      |    9.637|
Input2<8>      |Output<10>     |    9.035|
Input2<8>      |Output<11>     |    9.241|
Input2<8>      |Output<12>     |   11.015|
Input2<8>      |Output<13>     |    9.369|
Input2<8>      |Output<14>     |   10.286|
Input2<8>      |Output<15>     |   10.347|
Input2<9>      |Output<9>      |   11.586|
Input2<9>      |Output<10>     |    8.987|
Input2<9>      |Output<11>     |    9.193|
Input2<9>      |Output<12>     |   10.967|
Input2<9>      |Output<13>     |    9.321|
Input2<9>      |Output<14>     |   10.238|
Input2<9>      |Output<15>     |   10.299|
Input2<10>     |Output<10>     |    8.795|
Input2<10>     |Output<11>     |    8.510|
Input2<10>     |Output<12>     |   10.260|
Input2<10>     |Output<13>     |    8.614|
Input2<10>     |Output<14>     |    9.531|
Input2<10>     |Output<15>     |    9.592|
Input2<11>     |Output<11>     |    8.880|
Input2<11>     |Output<12>     |   10.646|
Input2<11>     |Output<13>     |    9.000|
Input2<11>     |Output<14>     |    9.917|
Input2<11>     |Output<15>     |    9.978|
Input2<12>     |Output<12>     |    9.892|
Input2<12>     |Output<13>     |    7.924|
Input2<12>     |Output<14>     |    8.855|
Input2<12>     |Output<15>     |    8.916|
Input2<13>     |Output<13>     |    9.323|
Input2<13>     |Output<14>     |    9.001|
Input2<13>     |Output<15>     |    9.062|
Input2<14>     |Output<14>     |    8.633|
Input2<14>     |Output<15>     |    8.397|
Input2<15>     |Output<15>     |    8.031|
---------------+---------------+---------+


Analysis completed Thu Mar 31 10:41:51 2016 
--------------------------------------------------------------------------------

Trace Settings:
-------------------------
Trace Settings 

Peak Memory Usage: 219 MB



