--------------------------------------------------------------------------------
Release 14.7 Trace  (nt64)
Copyright (c) 1995-2013 Xilinx, Inc.  All rights reserved.

C:\Xilinx\14.7\ISE_DS\ISE\bin\nt64\unwrapped\trce.exe -intstyle ise -v 3 -s 3
-n 3 -fastpaths -xml ALU_preroute.twx ALU_map.ncd -o ALU_preroute.twr ALU.pcf
-ucf ALU.ucf

Design file:              ALU_map.ncd
Physical constraint file: ALU.pcf
Device,package,speed:     xc6slx16,csg324,C,-3 (PRODUCTION 1.23 2013-10-13)
Report level:             verbose report

Environment Variable      Effect 
--------------------      ------ 
NONE                      No environment variables were set
--------------------------------------------------------------------------------

INFO:Timing:2698 - No timing constraints found, doing default enumeration.
INFO:Timing:3412 - To improve timing, see the Timing Closure User Guide (UG612).
INFO:Timing:2752 - To get complete path coverage, use the unconstrained paths 
   option. All paths that are not constrained will be reported in the 
   unconstrained paths section(s) of the report.
INFO:Timing:3284 - This timing report was generated using estimated delay 
   information.  For accurate numbers, please refer to the post Place and Route 
   timing report.
INFO:Timing:3339 - The clock-to-out numbers in this timing report are based on 
   a 50 Ohm transmission line loading model.  For the details of this model, 
   and for more information on accounting for different loading conditions, 
   please see the device datasheet.



Data Sheet report:
-----------------
All values displayed in nanoseconds (ns)

Pad to Pad
---------------+---------------+---------+
Source Pad     |Destination Pad|  Delay  |
---------------+---------------+---------+
Control<0>     |Output<0>      |    7.072|
Control<0>     |Output<1>      |    7.557|
Control<0>     |Output<2>      |    8.589|
Control<0>     |Output<3>      |    9.067|
Control<0>     |Output<4>      |   10.280|
Control<0>     |Output<5>      |   10.388|
Control<0>     |Output<6>      |   10.518|
Control<0>     |Output<7>      |   11.655|
Control<0>     |Output<8>      |   12.512|
Control<0>     |Output<9>      |   13.104|
Control<0>     |Output<10>     |   13.161|
Control<0>     |Output<11>     |   12.915|
Control<0>     |Output<12>     |   15.113|
Control<0>     |Output<13>     |   13.590|
Control<0>     |Output<14>     |   14.887|
Control<0>     |Output<15>     |   14.972|
Control<1>     |Output<0>      |    8.004|
Control<1>     |Output<1>      |    7.802|
Control<1>     |Output<2>      |    7.620|
Control<1>     |Output<3>      |    8.102|
Control<1>     |Output<4>      |    9.078|
Control<1>     |Output<5>      |    8.576|
Control<1>     |Output<6>      |    8.468|
Control<1>     |Output<7>      |    9.149|
Control<1>     |Output<8>      |    8.873|
Control<1>     |Output<9>      |   10.157|
Control<1>     |Output<10>     |    9.186|
Control<1>     |Output<11>     |    8.763|
Control<1>     |Output<12>     |    9.109|
Control<1>     |Output<13>     |   10.185|
Control<1>     |Output<14>     |    8.647|
Control<1>     |Output<15>     |    8.053|
Control<2>     |Output<0>      |    6.638|
Control<2>     |Output<1>      |    7.760|
Control<2>     |Output<2>      |    7.372|
Control<2>     |Output<3>      |    7.926|
Control<2>     |Output<4>      |    7.314|
Control<2>     |Output<5>      |    7.422|
Control<2>     |Output<6>      |    7.640|
Control<2>     |Output<7>      |    8.375|
Control<2>     |Output<8>      |    7.475|
Control<2>     |Output<9>      |    9.772|
Control<2>     |Output<10>     |    8.882|
Control<2>     |Output<11>     |    8.878|
Control<2>     |Output<12>     |    7.618|
Control<2>     |Output<13>     |    9.967|
Control<2>     |Output<14>     |    9.312|
Control<2>     |Output<15>     |    8.218|
Control<3>     |Output<0>      |    8.486|
Control<3>     |Output<1>      |    7.585|
Control<3>     |Output<2>      |    7.406|
Control<3>     |Output<3>      |    7.864|
Control<3>     |Output<4>      |    7.761|
Control<3>     |Output<5>      |    7.826|
Control<3>     |Output<6>      |    8.051|
Control<3>     |Output<7>      |    8.013|
Control<3>     |Output<8>      |    8.269|
Control<3>     |Output<9>      |    9.056|
Control<3>     |Output<10>     |    8.871|
Control<3>     |Output<11>     |    7.785|
Control<3>     |Output<12>     |    8.373|
Control<3>     |Output<13>     |   10.310|
Control<3>     |Output<14>     |    7.965|
Control<3>     |Output<15>     |    8.176|
Input1<0>      |Output<0>      |    8.295|
Input1<0>      |Output<1>      |    8.515|
Input1<0>      |Output<2>      |    8.329|
Input1<0>      |Output<3>      |    9.000|
Input1<0>      |Output<4>      |   10.020|
Input1<0>      |Output<5>      |   11.220|
Input1<0>      |Output<6>      |   11.899|
Input1<0>      |Output<7>      |   12.779|
Input1<0>      |Output<8>      |   13.054|
Input1<0>      |Output<9>      |   12.844|
Input1<0>      |Output<10>     |   14.359|
Input1<0>      |Output<11>     |   14.644|
Input1<0>      |Output<12>     |   16.193|
Input1<0>      |Output<13>     |   16.546|
Input1<0>      |Output<14>     |   17.337|
Input1<0>      |Output<15>     |   17.492|
Input1<1>      |Output<1>      |    8.644|
Input1<1>      |Output<2>      |    8.607|
Input1<1>      |Output<3>      |    9.444|
Input1<1>      |Output<4>      |   10.298|
Input1<1>      |Output<5>      |   11.697|
Input1<1>      |Output<6>      |   12.376|
Input1<1>      |Output<7>      |   13.256|
Input1<1>      |Output<8>      |   13.531|
Input1<1>      |Output<9>      |   13.122|
Input1<1>      |Output<10>     |   14.836|
Input1<1>      |Output<11>     |   15.121|
Input1<1>      |Output<12>     |   16.670|
Input1<1>      |Output<13>     |   17.023|
Input1<1>      |Output<14>     |   17.814|
Input1<1>      |Output<15>     |   17.969|
Input1<2>      |Output<2>      |    8.504|
Input1<2>      |Output<3>      |    9.261|
Input1<2>      |Output<4>      |    9.935|
Input1<2>      |Output<5>      |   11.607|
Input1<2>      |Output<6>      |   12.286|
Input1<2>      |Output<7>      |   13.166|
Input1<2>      |Output<8>      |   13.441|
Input1<2>      |Output<9>      |   12.934|
Input1<2>      |Output<10>     |   14.746|
Input1<2>      |Output<11>     |   15.031|
Input1<2>      |Output<12>     |   16.580|
Input1<2>      |Output<13>     |   16.933|
Input1<2>      |Output<14>     |   17.724|
Input1<2>      |Output<15>     |   17.879|
Input1<3>      |Output<3>      |    9.229|
Input1<3>      |Output<4>      |    9.903|
Input1<3>      |Output<5>      |   12.372|
Input1<3>      |Output<6>      |   13.051|
Input1<3>      |Output<7>      |   13.931|
Input1<3>      |Output<8>      |   14.490|
Input1<3>      |Output<9>      |   13.856|
Input1<3>      |Output<10>     |   15.668|
Input1<3>      |Output<11>     |   15.953|
Input1<3>      |Output<12>     |   17.502|
Input1<3>      |Output<13>     |   17.855|
Input1<3>      |Output<14>     |   18.646|
Input1<3>      |Output<15>     |   18.801|
Input1<4>      |Output<4>      |    9.538|
Input1<4>      |Output<5>      |   13.106|
Input1<4>      |Output<6>      |   13.785|
Input1<4>      |Output<7>      |   14.665|
Input1<4>      |Output<8>      |   15.260|
Input1<4>      |Output<9>      |   14.626|
Input1<4>      |Output<10>     |   16.438|
Input1<4>      |Output<11>     |   16.723|
Input1<4>      |Output<12>     |   18.272|
Input1<4>      |Output<13>     |   18.625|
Input1<4>      |Output<14>     |   19.416|
Input1<4>      |Output<15>     |   19.571|
Input1<5>      |Output<5>      |   12.116|
Input1<5>      |Output<6>      |   12.795|
Input1<5>      |Output<7>      |   13.869|
Input1<5>      |Output<8>      |   15.157|
Input1<5>      |Output<9>      |   14.523|
Input1<5>      |Output<10>     |   16.335|
Input1<5>      |Output<11>     |   16.620|
Input1<5>      |Output<12>     |   18.169|
Input1<5>      |Output<13>     |   18.522|
Input1<5>      |Output<14>     |   19.313|
Input1<5>      |Output<15>     |   19.468|
Input1<6>      |Output<6>      |   11.428|
Input1<6>      |Output<7>      |   13.871|
Input1<6>      |Output<8>      |   15.159|
Input1<6>      |Output<9>      |   14.525|
Input1<6>      |Output<10>     |   16.337|
Input1<6>      |Output<11>     |   16.622|
Input1<6>      |Output<12>     |   18.171|
Input1<6>      |Output<13>     |   18.524|
Input1<6>      |Output<14>     |   19.315|
Input1<6>      |Output<15>     |   19.470|
Input1<7>      |Output<7>      |   13.635|
Input1<7>      |Output<8>      |   14.923|
Input1<7>      |Output<9>      |   14.289|
Input1<7>      |Output<10>     |   16.101|
Input1<7>      |Output<11>     |   16.386|
Input1<7>      |Output<12>     |   17.935|
Input1<7>      |Output<13>     |   18.288|
Input1<7>      |Output<14>     |   19.079|
Input1<7>      |Output<15>     |   19.234|
Input1<8>      |Output<8>      |    9.549|
Input1<8>      |Output<9>      |   10.616|
Input1<8>      |Output<10>     |   10.546|
Input1<8>      |Output<11>     |    9.354|
Input1<8>      |Output<12>     |   11.419|
Input1<8>      |Output<13>     |   10.444|
Input1<8>      |Output<14>     |   11.193|
Input1<8>      |Output<15>     |   11.278|
Input1<9>      |Output<9>      |   10.485|
Input1<9>      |Output<10>     |   10.749|
Input1<9>      |Output<11>     |    9.424|
Input1<9>      |Output<12>     |   11.616|
Input1<9>      |Output<13>     |   10.313|
Input1<9>      |Output<14>     |   11.390|
Input1<9>      |Output<15>     |   11.475|
Input1<10>     |Output<10>     |   10.470|
Input1<10>     |Output<11>     |    9.325|
Input1<10>     |Output<12>     |   10.362|
Input1<10>     |Output<13>     |    9.834|
Input1<10>     |Output<14>     |   10.136|
Input1<10>     |Output<15>     |   10.221|
Input1<11>     |Output<11>     |    9.617|
Input1<11>     |Output<12>     |   11.001|
Input1<11>     |Output<13>     |   10.274|
Input1<11>     |Output<14>     |   10.775|
Input1<11>     |Output<15>     |   10.860|
Input1<12>     |Output<12>     |    9.803|
Input1<12>     |Output<13>     |   10.063|
Input1<12>     |Output<14>     |    9.159|
Input1<12>     |Output<15>     |   10.151|
Input1<13>     |Output<13>     |   10.491|
Input1<13>     |Output<14>     |    9.542|
Input1<13>     |Output<15>     |   10.390|
Input1<14>     |Output<14>     |    8.786|
Input1<14>     |Output<15>     |    9.611|
Input1<15>     |Output<1>      |    8.485|
Input1<15>     |Output<2>      |    8.229|
Input1<15>     |Output<3>      |    8.619|
Input1<15>     |Output<4>      |    8.820|
Input1<15>     |Output<5>      |    8.707|
Input1<15>     |Output<6>      |    7.636|
Input1<15>     |Output<7>      |    9.275|
Input1<15>     |Output<8>      |    8.856|
Input1<15>     |Output<9>      |   10.532|
Input1<15>     |Output<10>     |    9.535|
Input1<15>     |Output<11>     |    9.638|
Input1<15>     |Output<12>     |    8.617|
Input1<15>     |Output<13>     |   10.512|
Input1<15>     |Output<14>     |    7.968|
Input1<15>     |Output<15>     |    9.826|
Input2<0>      |Output<0>      |    8.132|
Input2<0>      |Output<1>      |    8.961|
Input2<0>      |Output<2>      |    8.503|
Input2<0>      |Output<3>      |    9.015|
Input2<0>      |Output<4>      |    9.857|
Input2<0>      |Output<5>      |   12.302|
Input2<0>      |Output<6>      |   12.981|
Input2<0>      |Output<7>      |   13.861|
Input2<0>      |Output<8>      |   14.509|
Input2<0>      |Output<9>      |   13.875|
Input2<0>      |Output<10>     |   15.687|
Input2<0>      |Output<11>     |   15.972|
Input2<0>      |Output<12>     |   17.521|
Input2<0>      |Output<13>     |   17.874|
Input2<0>      |Output<14>     |   18.665|
Input2<0>      |Output<15>     |   18.820|
Input2<1>      |Output<0>      |    8.431|
Input2<1>      |Output<1>      |    8.864|
Input2<1>      |Output<2>      |    8.465|
Input2<1>      |Output<3>      |    9.151|
Input2<1>      |Output<4>      |   10.156|
Input2<1>      |Output<5>      |   11.754|
Input2<1>      |Output<6>      |   12.433|
Input2<1>      |Output<7>      |   13.393|
Input2<1>      |Output<8>      |   14.681|
Input2<1>      |Output<9>      |   14.047|
Input2<1>      |Output<10>     |   15.859|
Input2<1>      |Output<11>     |   16.144|
Input2<1>      |Output<12>     |   17.693|
Input2<1>      |Output<13>     |   18.046|
Input2<1>      |Output<14>     |   18.837|
Input2<1>      |Output<15>     |   18.992|
Input2<2>      |Output<0>      |    7.510|
Input2<2>      |Output<1>      |    8.570|
Input2<2>      |Output<2>      |    8.142|
Input2<2>      |Output<3>      |    9.100|
Input2<2>      |Output<4>      |    9.734|
Input2<2>      |Output<5>      |   11.682|
Input2<2>      |Output<6>      |   12.361|
Input2<2>      |Output<7>      |   13.342|
Input2<2>      |Output<8>      |   14.630|
Input2<2>      |Output<9>      |   13.996|
Input2<2>      |Output<10>     |   15.808|
Input2<2>      |Output<11>     |   16.093|
Input2<2>      |Output<12>     |   17.642|
Input2<2>      |Output<13>     |   17.995|
Input2<2>      |Output<14>     |   18.786|
Input2<2>      |Output<15>     |   18.941|
Input2<3>      |Output<0>      |    7.468|
Input2<3>      |Output<1>      |    8.549|
Input2<3>      |Output<2>      |    8.055|
Input2<3>      |Output<3>      |    8.047|
Input2<3>      |Output<4>      |    8.982|
Input2<3>      |Output<5>      |   10.809|
Input2<3>      |Output<6>      |   11.488|
Input2<3>      |Output<7>      |   12.631|
Input2<3>      |Output<8>      |   13.919|
Input2<3>      |Output<9>      |   13.494|
Input2<3>      |Output<10>     |   15.097|
Input2<3>      |Output<11>     |   15.382|
Input2<3>      |Output<12>     |   16.931|
Input2<3>      |Output<13>     |   17.284|
Input2<3>      |Output<14>     |   18.075|
Input2<3>      |Output<15>     |   18.230|
Input2<4>      |Output<4>      |    8.317|
Input2<4>      |Output<5>      |    9.511|
Input2<4>      |Output<6>      |   10.190|
Input2<4>      |Output<7>      |   11.087|
Input2<4>      |Output<8>      |   12.375|
Input2<4>      |Output<9>      |   12.179|
Input2<4>      |Output<10>     |   13.600|
Input2<4>      |Output<11>     |   13.885|
Input2<4>      |Output<12>     |   15.434|
Input2<4>      |Output<13>     |   15.787|
Input2<4>      |Output<14>     |   16.578|
Input2<4>      |Output<15>     |   16.733|
Input2<5>      |Output<5>      |    8.319|
Input2<5>      |Output<6>      |    8.999|
Input2<5>      |Output<7>      |   10.196|
Input2<5>      |Output<8>      |   11.666|
Input2<5>      |Output<9>      |   11.509|
Input2<5>      |Output<10>     |   12.930|
Input2<5>      |Output<11>     |   13.215|
Input2<5>      |Output<12>     |   14.764|
Input2<5>      |Output<13>     |   15.117|
Input2<5>      |Output<14>     |   15.908|
Input2<5>      |Output<15>     |   16.063|
Input2<6>      |Output<6>      |    8.088|
Input2<6>      |Output<7>      |    9.224|
Input2<6>      |Output<8>      |   11.041|
Input2<6>      |Output<9>      |   10.407|
Input2<6>      |Output<10>     |   12.219|
Input2<6>      |Output<11>     |   12.504|
Input2<6>      |Output<12>     |   14.053|
Input2<6>      |Output<13>     |   14.406|
Input2<6>      |Output<14>     |   15.197|
Input2<6>      |Output<15>     |   15.352|
Input2<7>      |Output<7>      |    9.460|
Input2<7>      |Output<8>      |    9.545|
Input2<7>      |Output<9>      |    9.729|
Input2<7>      |Output<10>     |   10.723|
Input2<7>      |Output<11>     |   11.008|
Input2<7>      |Output<12>     |   12.557|
Input2<7>      |Output<13>     |   12.910|
Input2<7>      |Output<14>     |   13.701|
Input2<7>      |Output<15>     |   13.856|
Input2<8>      |Output<8>      |    7.960|
Input2<8>      |Output<9>      |    8.658|
Input2<8>      |Output<10>     |    8.803|
Input2<8>      |Output<11>     |    8.557|
Input2<8>      |Output<12>     |   10.755|
Input2<8>      |Output<13>     |    9.232|
Input2<8>      |Output<14>     |   10.529|
Input2<8>      |Output<15>     |   10.614|
Input2<9>      |Output<9>      |    9.620|
Input2<9>      |Output<10>     |    9.007|
Input2<9>      |Output<11>     |    8.761|
Input2<9>      |Output<12>     |   10.959|
Input2<9>      |Output<13>     |    9.436|
Input2<9>      |Output<14>     |   10.733|
Input2<9>      |Output<15>     |   10.818|
Input2<10>     |Output<10>     |    8.957|
Input2<10>     |Output<11>     |    7.826|
Input2<10>     |Output<12>     |    9.997|
Input2<10>     |Output<13>     |    8.474|
Input2<10>     |Output<14>     |    9.771|
Input2<10>     |Output<15>     |    9.856|
Input2<11>     |Output<11>     |    8.532|
Input2<11>     |Output<12>     |    9.996|
Input2<11>     |Output<13>     |    8.473|
Input2<11>     |Output<14>     |    9.770|
Input2<11>     |Output<15>     |    9.855|
Input2<12>     |Output<12>     |    9.248|
Input2<12>     |Output<13>     |    7.702|
Input2<12>     |Output<14>     |    8.987|
Input2<12>     |Output<15>     |    9.072|
Input2<13>     |Output<13>     |    9.376|
Input2<13>     |Output<14>     |    9.002|
Input2<13>     |Output<15>     |    9.087|
Input2<14>     |Output<14>     |    8.616|
Input2<14>     |Output<15>     |    8.283|
Input2<15>     |Output<15>     |    8.196|
---------------+---------------+---------+


Analysis completed Thu Mar 31 10:37:26 2016 
--------------------------------------------------------------------------------

Trace Settings:
-------------------------
Trace Settings 

Peak Memory Usage: 218 MB



